
======================================================================
MANUAL INSERTION HELPER - TEST SUITE
======================================================================

TEST 1: Extract Category from Folder Name
----------------------------------------------------------------------
  ≡ƒôé Tea_ Coffee _ More
     ΓåÆ Category: "Tea, Coffee & More"
  ≡ƒôé Fruits_Vegetables
     ΓåÆ Category: "Fruits & Vegetables"
  ≡ƒôé Packaged_Foods
     ΓåÆ Category: "Packaged & Foods"
  ≡ƒôé Biscuits_Cakes
     ΓåÆ Category: "Biscuits & Cakes"

TEST 2: Map Category from categoryUrl
----------------------------------------------------------------------
  URL: https://www.swiggy.com/instamart/category-listing?categoryName=Cereals+and+Break...
  ≡ƒôè Extracted Mapping:
     Γ£à officialCategory: "Cereals & Breakfast"
     Γ£à officialSubCategory: "Hot beverages"
     Γ£à masterCategory: "Breakfast & Sauces"

TEST 3: Generate ProductId Suffix from officialSubCategory
----------------------------------------------------------------------
  "Hot beverages"
     ΓåÆ Suffix: "__hot-beverages"
  "Fresh Vegetables"
     ΓåÆ Suffix: "__fresh-vegetables"
  "Green and Herbal Tea"
     ΓåÆ Suffix: "__green-and-herbal-tea"
  "Filter & Ground Coffee"
     ΓåÆ Suffix: "__filter-and-ground-coffee"

TEST 4: Enhance Single Product for Manual Insertion
----------------------------------------------------------------------
BEFORE Enhancement:
  Γ¥î productId: "G7126YK69Y__fresh-vegetables"
  Γ¥î category: "Fruits & Vegetables"
  Γ¥î officialCategory: "Fruits & Vegetables"
  Γ¥î officialSubCategory: "Fresh Vegetables"

AFTER Enhancement:
  Γ£à productId: "G7126YK69Y__hot-beverages"
  Γ£à category: "Tea, Coffee & More"
  Γ£à officialCategory: "Cereals & Breakfast"
  Γ£à officialSubCategory: "Hot beverages"

TEST 5: Batch Enhancement (Multiple Products)
----------------------------------------------------------------------
  ≡ƒôª 3 products enhanced

  Product 1:
    productId: PRODUCT_0__hot-beverages
    category: Tea, Coffee & More
    subCategory: Hot beverages

  Product 2:
    productId: PRODUCT_1__hot-beverages
    category: Tea, Coffee & More
    subCategory: Hot beverages
  ... and 1 more products

======================================================================
Γ£à ALL TESTS COMPLETED
======================================================================

